lbdbq: 1 matches
last1@example.de	First Last1	2022-01-09 12:00
